// Jest Snapshot v1, https://goo.gl/fbAQLP

exports[`Check list of all Check clean all list from scully 1`] = `
"<!DOCTYPE html><html lang=\\"en\\"><head>
    <meta charset=\\"utf-8\\">
    <title>SampleBlog</title>
    <base href=\\"/\\">
    <meta name=\\"viewport\\" content=\\"width=device-width, initial-scale=1\\">
    <link rel=\\"icon\\" type=\\"image/x-icon\\" href=\\"favicon.ico\\">
  <link rel=\\"stylesheet\\" href=\\"styles.css\\"><script id=\\"scully-transfer-state\\"></script><style>[] {
  display: grid;
  height: 100vh;
  grid-template-rows: 60px 1fr 60px;
}

[]    > header[] {
  display: grid;
  background-color: royalblue;
  color: whitesmoke;
  margin: 0;
  padding: 0px 10px;
  grid-template-columns: 1fr 40px;
  place-items: center center;
}

header[]   h1[], footer[]   h3[] {
  margin: 0;
}

[]    > footer[] {
  display: grid;
  background-color: royalblue;
  color: whitesmoke;
  margin: 0;
  padding-right: 10px;
  justify-content: right;
  align-content: center;
}

main[] {
  background-color: whitesmoke;
  color: rgb(4, 12, 36);
  padding: 10px;
}
/*# sourceMappingURL=data:application/json;base64,eyJ2ZXJzaW9uIjozLCJzb3VyY2VzIjpbInByb2plY3RzL3NhbXBsZUJsb2cvc3JjL2FwcC9hcHAuY29tcG9uZW50LmNzcyJdLCJuYW1lcyI6W10sIm1hcHBpbmdzIjoiQUFBQTtFQUNFLGFBQWE7RUFDYixhQUFhO0VBQ2IsaUNBQWlDO0FBQ25DOztBQUVBO0VBQ0UsYUFBYTtFQUNiLDJCQUEyQjtFQUMzQixpQkFBaUI7RUFDakIsU0FBUztFQUNULGlCQUFpQjtFQUNqQiwrQkFBK0I7RUFDL0IsMEJBQTBCO0FBQzVCOztBQUVBOztFQUVFLFNBQVM7QUFDWDs7QUFDQTtFQUNFLGFBQWE7RUFDYiwyQkFBMkI7RUFDM0IsaUJBQWlCO0VBQ2pCLFNBQVM7RUFDVCxtQkFBbUI7RUFDbkIsc0JBQXNCO0VBQ3RCLHFCQUFxQjtBQUN2Qjs7QUFFQTtFQUNFLDRCQUE0QjtFQUM1QixxQkFBcUI7RUFDckIsYUFBYTtBQUNmIiwiZmlsZSI6InByb2plY3RzL3NhbXBsZUJsb2cvc3JjL2FwcC9hcHAuY29tcG9uZW50LmNzcyIsInNvdXJjZXNDb250ZW50IjpbIjpob3N0IHtcbiAgZGlzcGxheTogZ3JpZDtcbiAgaGVpZ2h0OiAxMDB2aDtcbiAgZ3JpZC10ZW1wbGF0ZS1yb3dzOiA2MHB4IDFmciA2MHB4O1xufVxuXG46aG9zdCA+IGhlYWRlciB7XG4gIGRpc3BsYXk6IGdyaWQ7XG4gIGJhY2tncm91bmQtY29sb3I6IHJveWFsYmx1ZTtcbiAgY29sb3I6IHdoaXRlc21va2U7XG4gIG1hcmdpbjogMDtcbiAgcGFkZGluZzogMHB4IDEwcHg7XG4gIGdyaWQtdGVtcGxhdGUtY29sdW1uczogMWZyIDQwcHg7XG4gIHBsYWNlLWl0ZW1zOiBjZW50ZXIgY2VudGVyO1xufVxuXG5oZWFkZXIgaDEsXG5mb290ZXIgaDMge1xuICBtYXJnaW46IDA7XG59XG46aG9zdCA+IGZvb3RlciB7XG4gIGRpc3BsYXk6IGdyaWQ7XG4gIGJhY2tncm91bmQtY29sb3I6IHJveWFsYmx1ZTtcbiAgY29sb3I6IHdoaXRlc21va2U7XG4gIG1hcmdpbjogMDtcbiAgcGFkZGluZy1yaWdodDogMTBweDtcbiAganVzdGlmeS1jb250ZW50OiByaWdodDtcbiAgYWxpZ24tY29udGVudDogY2VudGVyO1xufVxuXG5tYWluIHtcbiAgYmFja2dyb3VuZC1jb2xvcjogd2hpdGVzbW9rZTtcbiAgY29sb3I6IHJnYig0LCAxMiwgMzYpO1xuICBwYWRkaW5nOiAxMHB4O1xufVxuIl19 */</style><script charset=\\"utf-8\\" src=\\"static-static-module-es2015.js\\"></script><script charset=\\"utf-8\\" src=\\"pagenotfound-pagenotfound-module-es2015.js\\"></script><style>li[] {
  display: grid;
  grid-template-columns: 200px 200px;
}

a.btn[] {
  display: inline-block;
  padding: 10px;
  margin: 10px 3px;
  width: 200px;
  height: 40px;
  border-radius: 4px;
  background-color: royalblue;
  color: white;
  text-align: center;
  text-decoration: none;
  box-shadow: 0 1px 3px rgba(0, 0, 0, 0.12), 0 1px 2px rgba(0, 0, 0, 0.24);
  transition: all 0.3s cubic-bezier(0.25, 0.8, 0.25, 1);
}

a.btn[]:hover {
  box-shadow: 0 14px 28px rgba(0, 0, 0, 0.25), 0 6px 6px rgba(0, 0, 0, 0.22);
}

a.btn[]:active {
  box-shadow: 0 1px 3px rgba(0, 0, 0, 0.12), 0 1px 2px rgba(0, 0, 0, 0.24);
}
/*# sourceMappingURL=data:application/json;base64,eyJ2ZXJzaW9uIjozLCJzb3VyY2VzIjpbInByb2plY3RzL3NhbXBsZUJsb2cvc3JjL2FwcC9zdGF0aWMvc3RhdGljLmNvbXBvbmVudC5jc3MiXSwibmFtZXMiOltdLCJtYXBwaW5ncyI6IkFBQUE7RUFDRSxhQUFhO0VBQ2Isa0NBQWtDO0FBQ3BDOztBQUVBO0VBQ0UscUJBQXFCO0VBQ3JCLGFBQWE7RUFDYixnQkFBZ0I7RUFDaEIsWUFBWTtFQUNaLFlBQVk7RUFDWixrQkFBa0I7RUFDbEIsMkJBQTJCO0VBQzNCLFlBQVk7RUFDWixrQkFBa0I7RUFDbEIscUJBQXFCO0VBQ3JCLHdFQUF3RTtFQUN4RSxxREFBcUQ7QUFDdkQ7O0FBRUE7RUFDRSwwRUFBMEU7QUFDNUU7O0FBRUE7RUFDRSx3RUFBd0U7QUFDMUUiLCJmaWxlIjoicHJvamVjdHMvc2FtcGxlQmxvZy9zcmMvYXBwL3N0YXRpYy9zdGF0aWMuY29tcG9uZW50LmNzcyIsInNvdXJjZXNDb250ZW50IjpbImxpIHtcbiAgZGlzcGxheTogZ3JpZDtcbiAgZ3JpZC10ZW1wbGF0ZS1jb2x1bW5zOiAyMDBweCAyMDBweDtcbn1cblxuYS5idG4ge1xuICBkaXNwbGF5OiBpbmxpbmUtYmxvY2s7XG4gIHBhZGRpbmc6IDEwcHg7XG4gIG1hcmdpbjogMTBweCAzcHg7XG4gIHdpZHRoOiAyMDBweDtcbiAgaGVpZ2h0OiA0MHB4O1xuICBib3JkZXItcmFkaXVzOiA0cHg7XG4gIGJhY2tncm91bmQtY29sb3I6IHJveWFsYmx1ZTtcbiAgY29sb3I6IHdoaXRlO1xuICB0ZXh0LWFsaWduOiBjZW50ZXI7XG4gIHRleHQtZGVjb3JhdGlvbjogbm9uZTtcbiAgYm94LXNoYWRvdzogMCAxcHggM3B4IHJnYmEoMCwgMCwgMCwgMC4xMiksIDAgMXB4IDJweCByZ2JhKDAsIDAsIDAsIDAuMjQpO1xuICB0cmFuc2l0aW9uOiBhbGwgMC4zcyBjdWJpYy1iZXppZXIoMC4yNSwgMC44LCAwLjI1LCAxKTtcbn1cblxuYS5idG46aG92ZXIge1xuICBib3gtc2hhZG93OiAwIDE0cHggMjhweCByZ2JhKDAsIDAsIDAsIDAuMjUpLCAwIDZweCA2cHggcmdiYSgwLCAwLCAwLCAwLjIyKTtcbn1cblxuYS5idG46YWN0aXZlIHtcbiAgYm94LXNoYWRvdzogMCAxcHggM3B4IHJnYmEoMCwgMCwgMCwgMC4xMiksIDAgMXB4IDJweCByZ2JhKDAsIDAsIDAsIDAuMjQpO1xufVxuIl19 */</style><script>window['ScullyIO']='generated';</script></head>

  <body scully-version=\\"0.0.0\\">
    <app-root =\\"\\" > Scully demo blog app! <small =\\"\\">rendering inside scully</small></h1><a =\\"\\" ng-reflect-router-link=\\"/home\\" href=\\"/home\\">üè†</a></header><main =\\"\\"><router-outlet =\\"\\"></router-outlet><app-static =\\"\\"><h1 =\\"\\">Available routes</h1><a =\\"\\" class=\\"btn\\" ng-reflect-router-link=\\"/home,\\" href=\\"/home/\\">Top level routes only</a><!--bindings={
  \\"ng-reflect-ng-if\\": \\"true\\"
}--><!--bindings={
  \\"ng-reflect-ng-if\\": \\"false\\"
}--><a =\\"\\" class=\\"btn\\" ng-reflect-router-link=\\"/home,unpublished\\" href=\\"/home/unpublished\\">Unpublished routes</a><!--bindings={
  \\"ng-reflect-ng-if\\": \\"true\\"
}--><ul =\\"\\"><li =\\"\\"><strong =\\"\\">routelink</strong><strong =\\"\\">full page reload</strong></li><li =\\"\\"><a =\\"\\" ng-reflect-router-link=\\"/about\\" href=\\"/about\\">/about</a><a =\\"\\" href=\\"/about\\">/about</a></li><li =\\"\\"><a =\\"\\" ng-reflect-router-link=\\"/home/all\\" href=\\"/home/all\\">/home/all</a><a =\\"\\" href=\\"/home/all\\">/home/all</a></li><li =\\"\\"><a =\\"\\" ng-reflect-router-link=\\"/home/unpublished\\" href=\\"/home/unpublished\\">/home/unpublished</a><a =\\"\\" href=\\"/home/unpublished\\">/home/unpublished</a></li><li =\\"\\"><a =\\"\\" ng-reflect-router-link=\\"/home/\\" href=\\"/home\\">/home/</a><a =\\"\\" href=\\"/home/\\">/home/</a></li><li =\\"\\"><a =\\"\\" ng-reflect-router-link=\\"/home\\" href=\\"/home\\">/home</a><a =\\"\\" href=\\"/home\\">/home</a></li><li =\\"\\"><a =\\"\\" ng-reflect-router-link=\\"/blog\\" href=\\"/blog\\">/blog</a><a =\\"\\" href=\\"/blog\\">/blog</a></li><li =\\"\\"><a =\\"\\" ng-reflect-router-link=\\"/blog/page-1\\" href=\\"/blog/page-1\\">My first page</a><a =\\"\\" href=\\"/blog/page-1\\">My first page</a></li><li =\\"\\"><a =\\"\\" ng-reflect-router-link=\\"/blog/page-3\\" href=\\"/blog/page-3\\">My third page</a><a =\\"\\" href=\\"/blog/page-3\\">My third page</a></li><li =\\"\\"><a =\\"\\" ng-reflect-router-link=\\"/blog/page-4\\" href=\\"/blog/page-4\\">The Rainbow Cat, A free book out of the Guttenberg library</a><a =\\"\\" href=\\"/blog/page-4\\">The Rainbow Cat, A free book out of the Guttenberg library</a></li><li =\\"\\"><a =\\"\\" ng-reflect-router-link=\\"/user\\" href=\\"/user\\">/user</a><a =\\"\\" href=\\"/user\\">/user</a></li><li =\\"\\"><a =\\"\\" ng-reflect-router-link=\\"/user/1\\" href=\\"/user/1\\">/user/1</a><a =\\"\\" href=\\"/user/1\\">/user/1</a></li><li =\\"\\"><a =\\"\\" ng-reflect-router-link=\\"/user/2\\" href=\\"/user/2\\">/user/2</a><a =\\"\\" href=\\"/user/2\\">/user/2</a></li><li =\\"\\"><a =\\"\\" ng-reflect-router-link=\\"/user/3\\" href=\\"/user/3\\">/user/3</a><a =\\"\\" href=\\"/user/3\\">/user/3</a></li><li =\\"\\"><a =\\"\\" ng-reflect-router-link=\\"/user/4\\" href=\\"/user/4\\">/user/4</a><a =\\"\\" href=\\"/user/4\\">/user/4</a></li><li =\\"\\"><a =\\"\\" ng-reflect-router-link=\\"/user/5\\" href=\\"/user/5\\">/user/5</a><a =\\"\\" href=\\"/user/5\\">/user/5</a></li><li =\\"\\"><a =\\"\\" ng-reflect-router-link=\\"/user/6\\" href=\\"/user/6\\">/user/6</a><a =\\"\\" href=\\"/user/6\\">/user/6</a></li><li =\\"\\"><a =\\"\\" ng-reflect-router-link=\\"/user/7\\" href=\\"/user/7\\">/user/7</a><a =\\"\\" href=\\"/user/7\\">/user/7</a></li><li =\\"\\"><a =\\"\\" ng-reflect-router-link=\\"/user/8\\" href=\\"/user/8\\">/user/8</a><a =\\"\\" href=\\"/user/8\\">/user/8</a></li><li =\\"\\"><a =\\"\\" ng-reflect-router-link=\\"/user/9\\" href=\\"/user/9\\">/user/9</a><a =\\"\\" href=\\"/user/9\\">/user/9</a></li><li =\\"\\"><a =\\"\\" ng-reflect-router-link=\\"/user/10\\" href=\\"/user/10\\">/user/10</a><a =\\"\\" href=\\"/user/10\\">/user/10</a></li><li =\\"\\"><a =\\"\\" ng-reflect-router-link=\\"/user/1/post/1\\" href=\\"/user/1/post/1\\">/user/1/post/1</a><a =\\"\\" href=\\"/user/1/post/1\\">/user/1/post/1</a></li><li =\\"\\"><a =\\"\\" ng-reflect-router-link=\\"/user/1/post/2\\" href=\\"/user/1/post/2\\">/user/1/post/2</a><a =\\"\\" href=\\"/user/1/post/2\\">/user/1/post/2</a></li><li =\\"\\"><a =\\"\\" ng-reflect-router-link=\\"/user/1/post/3\\" href=\\"/user/1/post/3\\">/user/1/post/3</a><a =\\"\\" href=\\"/user/1/post/3\\">/user/1/post/3</a></li><li =\\"\\"><a =\\"\\" ng-reflect-router-link=\\"/user/1/post/4\\" href=\\"/user/1/post/4\\">/user/1/post/4</a><a =\\"\\" href=\\"/user/1/post/4\\">/user/1/post/4</a></li><li =\\"\\"><a =\\"\\" ng-reflect-router-link=\\"/user/1/post/5\\" href=\\"/user/1/post/5\\">/user/1/post/5</a><a =\\"\\" href=\\"/user/1/post/5\\">/user/1/post/5</a></li><li =\\"\\"><a =\\"\\" ng-reflect-router-link=\\"/user/1/post/6\\" href=\\"/user/1/post/6\\">/user/1/post/6</a><a =\\"\\" href=\\"/user/1/post/6\\">/user/1/post/6</a></li><li =\\"\\"><a =\\"\\" ng-reflect-router-link=\\"/user/1/post/7\\" href=\\"/user/1/post/7\\">/user/1/post/7</a><a =\\"\\" href=\\"/user/1/post/7\\">/user/1/post/7</a></li><li =\\"\\"><a =\\"\\" ng-reflect-router-link=\\"/user/1/post/8\\" href=\\"/user/1/post/8\\">/user/1/post/8</a><a =\\"\\" href=\\"/user/1/post/8\\">/user/1/post/8</a></li><li =\\"\\"><a =\\"\\" ng-reflect-router-link=\\"/user/1/post/9\\" href=\\"/user/1/post/9\\">/user/1/post/9</a><a =\\"\\" href=\\"/user/1/post/9\\">/user/1/post/9</a></li><li =\\"\\"><a =\\"\\" ng-reflect-router-link=\\"/user/1/post/10\\" href=\\"/user/1/post/10\\">/user/1/post/10</a><a =\\"\\" href=\\"/user/1/post/10\\">/user/1/post/10</a></li><li =\\"\\"><a =\\"\\" ng-reflect-router-link=\\"/user/2/post/11\\" href=\\"/user/2/post/11\\">/user/2/post/11</a><a =\\"\\" href=\\"/user/2/post/11\\">/user/2/post/11</a></li><li =\\"\\"><a =\\"\\" ng-reflect-router-link=\\"/user/2/post/12\\" href=\\"/user/2/post/12\\">/user/2/post/12</a><a =\\"\\" href=\\"/user/2/post/12\\">/user/2/post/12</a></li><li =\\"\\"><a =\\"\\" ng-reflect-router-link=\\"/user/2/post/13\\" href=\\"/user/2/post/13\\">/user/2/post/13</a><a =\\"\\" href=\\"/user/2/post/13\\">/user/2/post/13</a></li><li =\\"\\"><a =\\"\\" ng-reflect-router-link=\\"/user/2/post/14\\" href=\\"/user/2/post/14\\">/user/2/post/14</a><a =\\"\\" href=\\"/user/2/post/14\\">/user/2/post/14</a></li><li =\\"\\"><a =\\"\\" ng-reflect-router-link=\\"/user/2/post/15\\" href=\\"/user/2/post/15\\">/user/2/post/15</a><a =\\"\\" href=\\"/user/2/post/15\\">/user/2/post/15</a></li><li =\\"\\"><a =\\"\\" ng-reflect-router-link=\\"/user/2/post/16\\" href=\\"/user/2/post/16\\">/user/2/post/16</a><a =\\"\\" href=\\"/user/2/post/16\\">/user/2/post/16</a></li><li =\\"\\"><a =\\"\\" ng-reflect-router-link=\\"/user/2/post/17\\" href=\\"/user/2/post/17\\">/user/2/post/17</a><a =\\"\\" href=\\"/user/2/post/17\\">/user/2/post/17</a></li><li =\\"\\"><a =\\"\\" ng-reflect-router-link=\\"/user/2/post/18\\" href=\\"/user/2/post/18\\">/user/2/post/18</a><a =\\"\\" href=\\"/user/2/post/18\\">/user/2/post/18</a></li><li =\\"\\"><a =\\"\\" ng-reflect-router-link=\\"/user/2/post/19\\" href=\\"/user/2/post/19\\">/user/2/post/19</a><a =\\"\\" href=\\"/user/2/post/19\\">/user/2/post/19</a></li><li =\\"\\"><a =\\"\\" ng-reflect-router-link=\\"/user/2/post/20\\" href=\\"/user/2/post/20\\">/user/2/post/20</a><a =\\"\\" href=\\"/user/2/post/20\\">/user/2/post/20</a></li><li =\\"\\"><a =\\"\\" ng-reflect-router-link=\\"/user/3/post/21\\" href=\\"/user/3/post/21\\">/user/3/post/21</a><a =\\"\\" href=\\"/user/3/post/21\\">/user/3/post/21</a></li><li =\\"\\"><a =\\"\\" ng-reflect-router-link=\\"/user/3/post/22\\" href=\\"/user/3/post/22\\">/user/3/post/22</a><a =\\"\\" href=\\"/user/3/post/22\\">/user/3/post/22</a></li><li =\\"\\"><a =\\"\\" ng-reflect-router-link=\\"/user/3/post/23\\" href=\\"/user/3/post/23\\">/user/3/post/23</a><a =\\"\\" href=\\"/user/3/post/23\\">/user/3/post/23</a></li><li =\\"\\"><a =\\"\\" ng-reflect-router-link=\\"/user/3/post/24\\" href=\\"/user/3/post/24\\">/user/3/post/24</a><a =\\"\\" href=\\"/user/3/post/24\\">/user/3/post/24</a></li><li =\\"\\"><a =\\"\\" ng-reflect-router-link=\\"/user/3/post/25\\" href=\\"/user/3/post/25\\">/user/3/post/25</a><a =\\"\\" href=\\"/user/3/post/25\\">/user/3/post/25</a></li><li =\\"\\"><a =\\"\\" ng-reflect-router-link=\\"/user/3/post/26\\" href=\\"/user/3/post/26\\">/user/3/post/26</a><a =\\"\\" href=\\"/user/3/post/26\\">/user/3/post/26</a></li><li =\\"\\"><a =\\"\\" ng-reflect-router-link=\\"/user/3/post/27\\" href=\\"/user/3/post/27\\">/user/3/post/27</a><a =\\"\\" href=\\"/user/3/post/27\\">/user/3/post/27</a></li><li =\\"\\"><a =\\"\\" ng-reflect-router-link=\\"/user/3/post/28\\" href=\\"/user/3/post/28\\">/user/3/post/28</a><a =\\"\\" href=\\"/user/3/post/28\\">/user/3/post/28</a></li><li =\\"\\"><a =\\"\\" ng-reflect-router-link=\\"/user/3/post/29\\" href=\\"/user/3/post/29\\">/user/3/post/29</a><a =\\"\\" href=\\"/user/3/post/29\\">/user/3/post/29</a></li><li =\\"\\"><a =\\"\\" ng-reflect-router-link=\\"/user/3/post/30\\" href=\\"/user/3/post/30\\">/user/3/post/30</a><a =\\"\\" href=\\"/user/3/post/30\\">/user/3/post/30</a></li><li =\\"\\"><a =\\"\\" ng-reflect-router-link=\\"/user/4/post/31\\" href=\\"/user/4/post/31\\">/user/4/post/31</a><a =\\"\\" href=\\"/user/4/post/31\\">/user/4/post/31</a></li><li =\\"\\"><a =\\"\\" ng-reflect-router-link=\\"/user/4/post/32\\" href=\\"/user/4/post/32\\">/user/4/post/32</a><a =\\"\\" href=\\"/user/4/post/32\\">/user/4/post/32</a></li><li =\\"\\"><a =\\"\\" ng-reflect-router-link=\\"/user/4/post/33\\" href=\\"/user/4/post/33\\">/user/4/post/33</a><a =\\"\\" href=\\"/user/4/post/33\\">/user/4/post/33</a></li><li =\\"\\"><a =\\"\\" ng-reflect-router-link=\\"/user/4/post/34\\" href=\\"/user/4/post/34\\">/user/4/post/34</a><a =\\"\\" href=\\"/user/4/post/34\\">/user/4/post/34</a></li><li =\\"\\"><a =\\"\\" ng-reflect-router-link=\\"/user/4/post/35\\" href=\\"/user/4/post/35\\">/user/4/post/35</a><a =\\"\\" href=\\"/user/4/post/35\\">/user/4/post/35</a></li><li =\\"\\"><a =\\"\\" ng-reflect-router-link=\\"/user/4/post/36\\" href=\\"/user/4/post/36\\">/user/4/post/36</a><a =\\"\\" href=\\"/user/4/post/36\\">/user/4/post/36</a></li><li =\\"\\"><a =\\"\\" ng-reflect-router-link=\\"/user/4/post/37\\" href=\\"/user/4/post/37\\">/user/4/post/37</a><a =\\"\\" href=\\"/user/4/post/37\\">/user/4/post/37</a></li><li =\\"\\"><a =\\"\\" ng-reflect-router-link=\\"/user/4/post/38\\" href=\\"/user/4/post/38\\">/user/4/post/38</a><a =\\"\\" href=\\"/user/4/post/38\\">/user/4/post/38</a></li><li =\\"\\"><a =\\"\\" ng-reflect-router-link=\\"/user/4/post/39\\" href=\\"/user/4/post/39\\">/user/4/post/39</a><a =\\"\\" href=\\"/user/4/post/39\\">/user/4/post/39</a></li><li =\\"\\"><a =\\"\\" ng-reflect-router-link=\\"/user/4/post/40\\" href=\\"/user/4/post/40\\">/user/4/post/40</a><a =\\"\\" href=\\"/user/4/post/40\\">/user/4/post/40</a></li><li =\\"\\"><a =\\"\\" ng-reflect-router-link=\\"/user/5/post/41\\" href=\\"/user/5/post/41\\">/user/5/post/41</a><a =\\"\\" href=\\"/user/5/post/41\\">/user/5/post/41</a></li><li =\\"\\"><a =\\"\\" ng-reflect-router-link=\\"/user/5/post/42\\" href=\\"/user/5/post/42\\">/user/5/post/42</a><a =\\"\\" href=\\"/user/5/post/42\\">/user/5/post/42</a></li><li =\\"\\"><a =\\"\\" ng-reflect-router-link=\\"/user/5/post/43\\" href=\\"/user/5/post/43\\">/user/5/post/43</a><a =\\"\\" href=\\"/user/5/post/43\\">/user/5/post/43</a></li><li =\\"\\"><a =\\"\\" ng-reflect-router-link=\\"/user/5/post/44\\" href=\\"/user/5/post/44\\">/user/5/post/44</a><a =\\"\\" href=\\"/user/5/post/44\\">/user/5/post/44</a></li><li =\\"\\"><a =\\"\\" ng-reflect-router-link=\\"/user/5/post/45\\" href=\\"/user/5/post/45\\">/user/5/post/45</a><a =\\"\\" href=\\"/user/5/post/45\\">/user/5/post/45</a></li><li =\\"\\"><a =\\"\\" ng-reflect-router-link=\\"/user/5/post/46\\" href=\\"/user/5/post/46\\">/user/5/post/46</a><a =\\"\\" href=\\"/user/5/post/46\\">/user/5/post/46</a></li><li =\\"\\"><a =\\"\\" ng-reflect-router-link=\\"/user/5/post/47\\" href=\\"/user/5/post/47\\">/user/5/post/47</a><a =\\"\\" href=\\"/user/5/post/47\\">/user/5/post/47</a></li><li =\\"\\"><a =\\"\\" ng-reflect-router-link=\\"/user/5/post/48\\" href=\\"/user/5/post/48\\">/user/5/post/48</a><a =\\"\\" href=\\"/user/5/post/48\\">/user/5/post/48</a></li><li =\\"\\"><a =\\"\\" ng-reflect-router-link=\\"/user/5/post/49\\" href=\\"/user/5/post/49\\">/user/5/post/49</a><a =\\"\\" href=\\"/user/5/post/49\\">/user/5/post/49</a></li><li =\\"\\"><a =\\"\\" ng-reflect-router-link=\\"/user/5/post/50\\" href=\\"/user/5/post/50\\">/user/5/post/50</a><a =\\"\\" href=\\"/user/5/post/50\\">/user/5/post/50</a></li><li =\\"\\"><a =\\"\\" ng-reflect-router-link=\\"/user/6/post/51\\" href=\\"/user/6/post/51\\">/user/6/post/51</a><a =\\"\\" href=\\"/user/6/post/51\\">/user/6/post/51</a></li><li =\\"\\"><a =\\"\\" ng-reflect-router-link=\\"/user/6/post/52\\" href=\\"/user/6/post/52\\">/user/6/post/52</a><a =\\"\\" href=\\"/user/6/post/52\\">/user/6/post/52</a></li><li =\\"\\"><a =\\"\\" ng-reflect-router-link=\\"/user/6/post/53\\" href=\\"/user/6/post/53\\">/user/6/post/53</a><a =\\"\\" href=\\"/user/6/post/53\\">/user/6/post/53</a></li><li =\\"\\"><a =\\"\\" ng-reflect-router-link=\\"/user/6/post/54\\" href=\\"/user/6/post/54\\">/user/6/post/54</a><a =\\"\\" href=\\"/user/6/post/54\\">/user/6/post/54</a></li><li =\\"\\"><a =\\"\\" ng-reflect-router-link=\\"/user/6/post/55\\" href=\\"/user/6/post/55\\">/user/6/post/55</a><a =\\"\\" href=\\"/user/6/post/55\\">/user/6/post/55</a></li><li =\\"\\"><a =\\"\\" ng-reflect-router-link=\\"/user/6/post/56\\" href=\\"/user/6/post/56\\">/user/6/post/56</a><a =\\"\\" href=\\"/user/6/post/56\\">/user/6/post/56</a></li><li =\\"\\"><a =\\"\\" ng-reflect-router-link=\\"/user/6/post/57\\" href=\\"/user/6/post/57\\">/user/6/post/57</a><a =\\"\\" href=\\"/user/6/post/57\\">/user/6/post/57</a></li><li =\\"\\"><a =\\"\\" ng-reflect-router-link=\\"/user/6/post/58\\" href=\\"/user/6/post/58\\">/user/6/post/58</a><a =\\"\\" href=\\"/user/6/post/58\\">/user/6/post/58</a></li><li =\\"\\"><a =\\"\\" ng-reflect-router-link=\\"/user/6/post/59\\" href=\\"/user/6/post/59\\">/user/6/post/59</a><a =\\"\\" href=\\"/user/6/post/59\\">/user/6/post/59</a></li><li =\\"\\"><a =\\"\\" ng-reflect-router-link=\\"/user/6/post/60\\" href=\\"/user/6/post/60\\">/user/6/post/60</a><a =\\"\\" href=\\"/user/6/post/60\\">/user/6/post/60</a></li><li =\\"\\"><a =\\"\\" ng-reflect-router-link=\\"/user/7/post/61\\" href=\\"/user/7/post/61\\">/user/7/post/61</a><a =\\"\\" href=\\"/user/7/post/61\\">/user/7/post/61</a></li><li =\\"\\"><a =\\"\\" ng-reflect-router-link=\\"/user/7/post/62\\" href=\\"/user/7/post/62\\">/user/7/post/62</a><a =\\"\\" href=\\"/user/7/post/62\\">/user/7/post/62</a></li><li =\\"\\"><a =\\"\\" ng-reflect-router-link=\\"/user/7/post/63\\" href=\\"/user/7/post/63\\">/user/7/post/63</a><a =\\"\\" href=\\"/user/7/post/63\\">/user/7/post/63</a></li><li =\\"\\"><a =\\"\\" ng-reflect-router-link=\\"/user/7/post/64\\" href=\\"/user/7/post/64\\">/user/7/post/64</a><a =\\"\\" href=\\"/user/7/post/64\\">/user/7/post/64</a></li><li =\\"\\"><a =\\"\\" ng-reflect-router-link=\\"/user/7/post/65\\" href=\\"/user/7/post/65\\">/user/7/post/65</a><a =\\"\\" href=\\"/user/7/post/65\\">/user/7/post/65</a></li><li =\\"\\"><a =\\"\\" ng-reflect-router-link=\\"/user/7/post/66\\" href=\\"/user/7/post/66\\">/user/7/post/66</a><a =\\"\\" href=\\"/user/7/post/66\\">/user/7/post/66</a></li><li =\\"\\"><a =\\"\\" ng-reflect-router-link=\\"/user/7/post/67\\" href=\\"/user/7/post/67\\">/user/7/post/67</a><a =\\"\\" href=\\"/user/7/post/67\\">/user/7/post/67</a></li><li =\\"\\"><a =\\"\\" ng-reflect-router-link=\\"/user/7/post/68\\" href=\\"/user/7/post/68\\">/user/7/post/68</a><a =\\"\\" href=\\"/user/7/post/68\\">/user/7/post/68</a></li><li =\\"\\"><a =\\"\\" ng-reflect-router-link=\\"/user/7/post/69\\" href=\\"/user/7/post/69\\">/user/7/post/69</a><a =\\"\\" href=\\"/user/7/post/69\\">/user/7/post/69</a></li><li =\\"\\"><a =\\"\\" ng-reflect-router-link=\\"/user/7/post/70\\" href=\\"/user/7/post/70\\">/user/7/post/70</a><a =\\"\\" href=\\"/user/7/post/70\\">/user/7/post/70</a></li><li =\\"\\"><a =\\"\\" ng-reflect-router-link=\\"/user/8/post/71\\" href=\\"/user/8/post/71\\">/user/8/post/71</a><a =\\"\\" href=\\"/user/8/post/71\\">/user/8/post/71</a></li><li =\\"\\"><a =\\"\\" ng-reflect-router-link=\\"/user/8/post/72\\" href=\\"/user/8/post/72\\">/user/8/post/72</a><a =\\"\\" href=\\"/user/8/post/72\\">/user/8/post/72</a></li><li =\\"\\"><a =\\"\\" ng-reflect-router-link=\\"/user/8/post/73\\" href=\\"/user/8/post/73\\">/user/8/post/73</a><a =\\"\\" href=\\"/user/8/post/73\\">/user/8/post/73</a></li><li =\\"\\"><a =\\"\\" ng-reflect-router-link=\\"/user/8/post/74\\" href=\\"/user/8/post/74\\">/user/8/post/74</a><a =\\"\\" href=\\"/user/8/post/74\\">/user/8/post/74</a></li><li =\\"\\"><a =\\"\\" ng-reflect-router-link=\\"/user/8/post/75\\" href=\\"/user/8/post/75\\">/user/8/post/75</a><a =\\"\\" href=\\"/user/8/post/75\\">/user/8/post/75</a></li><li =\\"\\"><a =\\"\\" ng-reflect-router-link=\\"/user/8/post/76\\" href=\\"/user/8/post/76\\">/user/8/post/76</a><a =\\"\\" href=\\"/user/8/post/76\\">/user/8/post/76</a></li><li =\\"\\"><a =\\"\\" ng-reflect-router-link=\\"/user/8/post/77\\" href=\\"/user/8/post/77\\">/user/8/post/77</a><a =\\"\\" href=\\"/user/8/post/77\\">/user/8/post/77</a></li><li =\\"\\"><a =\\"\\" ng-reflect-router-link=\\"/user/8/post/78\\" href=\\"/user/8/post/78\\">/user/8/post/78</a><a =\\"\\" href=\\"/user/8/post/78\\">/user/8/post/78</a></li><li =\\"\\"><a =\\"\\" ng-reflect-router-link=\\"/user/8/post/79\\" href=\\"/user/8/post/79\\">/user/8/post/79</a><a =\\"\\" href=\\"/user/8/post/79\\">/user/8/post/79</a></li><li =\\"\\"><a =\\"\\" ng-reflect-router-link=\\"/user/8/post/80\\" href=\\"/user/8/post/80\\">/user/8/post/80</a><a =\\"\\" href=\\"/user/8/post/80\\">/user/8/post/80</a></li><li =\\"\\"><a =\\"\\" ng-reflect-router-link=\\"/user/9/post/81\\" href=\\"/user/9/post/81\\">/user/9/post/81</a><a =\\"\\" href=\\"/user/9/post/81\\">/user/9/post/81</a></li><li =\\"\\"><a =\\"\\" ng-reflect-router-link=\\"/user/9/post/82\\" href=\\"/user/9/post/82\\">/user/9/post/82</a><a =\\"\\" href=\\"/user/9/post/82\\">/user/9/post/82</a></li><li =\\"\\"><a =\\"\\" ng-reflect-router-link=\\"/user/9/post/83\\" href=\\"/user/9/post/83\\">/user/9/post/83</a><a =\\"\\" href=\\"/user/9/post/83\\">/user/9/post/83</a></li><li =\\"\\"><a =\\"\\" ng-reflect-router-link=\\"/user/9/post/84\\" href=\\"/user/9/post/84\\">/user/9/post/84</a><a =\\"\\" href=\\"/user/9/post/84\\">/user/9/post/84</a></li><li =\\"\\"><a =\\"\\" ng-reflect-router-link=\\"/user/9/post/85\\" href=\\"/user/9/post/85\\">/user/9/post/85</a><a =\\"\\" href=\\"/user/9/post/85\\">/user/9/post/85</a></li><li =\\"\\"><a =\\"\\" ng-reflect-router-link=\\"/user/9/post/86\\" href=\\"/user/9/post/86\\">/user/9/post/86</a><a =\\"\\" href=\\"/user/9/post/86\\">/user/9/post/86</a></li><li =\\"\\"><a =\\"\\" ng-reflect-router-link=\\"/user/9/post/87\\" href=\\"/user/9/post/87\\">/user/9/post/87</a><a =\\"\\" href=\\"/user/9/post/87\\">/user/9/post/87</a></li><li =\\"\\"><a =\\"\\" ng-reflect-router-link=\\"/user/9/post/88\\" href=\\"/user/9/post/88\\">/user/9/post/88</a><a =\\"\\" href=\\"/user/9/post/88\\">/user/9/post/88</a></li><li =\\"\\"><a =\\"\\" ng-reflect-router-link=\\"/user/9/post/89\\" href=\\"/user/9/post/89\\">/user/9/post/89</a><a =\\"\\" href=\\"/user/9/post/89\\">/user/9/post/89</a></li><li =\\"\\"><a =\\"\\" ng-reflect-router-link=\\"/user/9/post/90\\" href=\\"/user/9/post/90\\">/user/9/post/90</a><a =\\"\\" href=\\"/user/9/post/90\\">/user/9/post/90</a></li><li =\\"\\"><a =\\"\\" ng-reflect-router-link=\\"/user/10/post/91\\" href=\\"/user/10/post/91\\">/user/10/post/91</a><a =\\"\\" href=\\"/user/10/post/91\\">/user/10/post/91</a></li><li =\\"\\"><a =\\"\\" ng-reflect-router-link=\\"/user/10/post/92\\" href=\\"/user/10/post/92\\">/user/10/post/92</a><a =\\"\\" href=\\"/user/10/post/92\\">/user/10/post/92</a></li><li =\\"\\"><a =\\"\\" ng-reflect-router-link=\\"/user/10/post/93\\" href=\\"/user/10/post/93\\">/user/10/post/93</a><a =\\"\\" href=\\"/user/10/post/93\\">/user/10/post/93</a></li><li =\\"\\"><a =\\"\\" ng-reflect-router-link=\\"/user/10/post/94\\" href=\\"/user/10/post/94\\">/user/10/post/94</a><a =\\"\\" href=\\"/user/10/post/94\\">/user/10/post/94</a></li><li =\\"\\"><a =\\"\\" ng-reflect-router-link=\\"/user/10/post/95\\" href=\\"/user/10/post/95\\">/user/10/post/95</a><a =\\"\\" href=\\"/user/10/post/95\\">/user/10/post/95</a></li><li =\\"\\"><a =\\"\\" ng-reflect-router-link=\\"/user/10/post/96\\" href=\\"/user/10/post/96\\">/user/10/post/96</a><a =\\"\\" href=\\"/user/10/post/96\\">/user/10/post/96</a></li><li =\\"\\"><a =\\"\\" ng-reflect-router-link=\\"/user/10/post/97\\" href=\\"/user/10/post/97\\">/user/10/post/97</a><a =\\"\\" href=\\"/user/10/post/97\\">/user/10/post/97</a></li><li =\\"\\"><a =\\"\\" ng-reflect-router-link=\\"/user/10/post/98\\" href=\\"/user/10/post/98\\">/user/10/post/98</a><a =\\"\\" href=\\"/user/10/post/98\\">/user/10/post/98</a></li><li =\\"\\"><a =\\"\\" ng-reflect-router-link=\\"/user/10/post/99\\" href=\\"/user/10/post/99\\">/user/10/post/99</a><a =\\"\\" href=\\"/user/10/post/99\\">/user/10/post/99</a></li><li =\\"\\"><a =\\"\\" ng-reflect-router-link=\\"/user/10/post/100\\" href=\\"/user/10/post/100\\">/user/10/post/100</a><a =\\"\\" href=\\"/user/10/post/100\\">/user/10/post/100</a></li><li =\\"\\"><a =\\"\\" ng-reflect-router-link=\\"/demo/0\\" href=\\"/demo/0\\">/demo/0</a><a =\\"\\" href=\\"/demo/0\\">/demo/0</a></li><li =\\"\\"><a =\\"\\" ng-reflect-router-link=\\"/demo/1\\" href=\\"/demo/1\\">/demo/1</a><a =\\"\\" href=\\"/demo/1\\">/demo/1</a></li><li =\\"\\"><a =\\"\\" ng-reflect-router-link=\\"/demo/2\\" href=\\"/demo/2\\">/demo/2</a><a =\\"\\" href=\\"/demo/2\\">/demo/2</a></li><li =\\"\\"><a =\\"\\" ng-reflect-router-link=\\"/demo/3\\" href=\\"/demo/3\\">/demo/3</a><a =\\"\\" href=\\"/demo/3\\">/demo/3</a></li><li =\\"\\"><a =\\"\\" ng-reflect-router-link=\\"/demo/4\\" href=\\"/demo/4\\">/demo/4</a><a =\\"\\" href=\\"/demo/4\\">/demo/4</a></li><li =\\"\\"><a =\\"\\" ng-reflect-router-link=\\"/exclude/present\\" href=\\"/exclude/present\\">/exclude/present</a><a =\\"\\" href=\\"/exclude/present\\">/exclude/present</a></li><li =\\"\\"><a =\\"\\" ng-reflect-router-link=\\"/\\" href=\\"/\\">/</a><a =\\"\\" href=\\"/\\">/</a></li><!--bindings={
  \\"ng-reflect-ng-for-of\\": \\"[object Object],[object Object\\"
}--></ul></app-static><!--container--></main><footer =\\"\\"><h3 =\\"\\">Made with ‚ù§Ô∏è <strong =\\"\\">@HeroDevs</strong></h3></footer></app-root>
  <script src=\\"runtime-es2015.js\\" type=\\"module\\"></script><script src=\\"runtime-es5.js\\" nomodule=\\"\\" defer=\\"\\"></script><script src=\\"polyfills-es5.js\\" nomodule=\\"\\" defer=\\"\\"></script><script src=\\"polyfills-es2015.js\\" type=\\"module\\"></script><script src=\\"vendor-es2015.js\\" type=\\"module\\"></script><script src=\\"vendor-es5.js\\" nomodule=\\"\\" defer=\\"\\"></script><script src=\\"main-es2015.js\\" type=\\"module\\"></script><script src=\\"main-es5.js\\" nomodule=\\"\\" defer=\\"\\"></script>

</body></html>"
`;
